CRASH: Parser: File "<inline>", line 59:
...
     57:                    text: '点击下方按钮导入中英字幕文件 
     58:开始回译训练'
>>   59:                    font_name: 'ChineseFont'
     60:                    font_size: '16sp'
     61:                    color: 0.533, 0.533, 0.533, 1
...
Invalid indentation (too many levels)

Traceback (most recent call last):
  File "I:\python\英语回译\main.py", line 31, in <module>
    from kivy_app.main import BackTranslateApp
  File "I:\python\英语回译\kivy_app\main.py", line 64, in <module>
    from kivy_app.screens.learn_screen import LearnScreen
  File "I:\python\英语回译\kivy_app\screens\learn_screen.py", line 22, in <module>
    Builder.load_string("""
  File "C:\Users\duduba\AppData\Local\Programs\Python\Python312\Lib\site-packages\kivy\lang\builder.py", line 377, in load_string
    parser = Parser(content=string, filename=fn)
             ^^^^^^^^^^^^^^^^^^^^^^^^^^^^^^^^^^^
  File "C:\Users\duduba\AppData\Local\Programs\Python\Python312\Lib\site-packages\kivy\lang\parser.py", line 483, in __init__
    self.parse(content)
  File "C:\Users\duduba\AppData\Local\Programs\Python\Python312\Lib\site-packages\kivy\lang\parser.py", line 593, in parse
    objects, remaining_lines = self.parse_level(0, lines)
                               ^^^^^^^^^^^^^^^^^^^^^^^^^^
  File "C:\Users\duduba\AppData\Local\Programs\Python\Python312\Lib\site-packages\kivy\lang\parser.py", line 771, in parse_level
    raise ParserException(self, ln,
kivy.lang.parser.ParserException: Parser: File "<inline>", line 59:
...
     57:                    text: '点击下方按钮导入中英字幕文件 
     58:开始回译训练'
>>   59:                    font_name: 'ChineseFont'
     60:                    font_size: '16sp'
     61:                    color: 0.533, 0.533, 0.533, 1
...
Invalid indentation (too many levels)
